// Jest Snapshot v1, https://goo.gl/fbAQLP

exports[`should render  1`] = `
<Text
  data-testid="Deleted"
>
  Deleted!
</Text>
`;
